// Jest Snapshot v1, https://goo.gl/fbAQLP

exports[`button matches snapshot 1`] = `
<div>
  <a
    aria-current="page"
    class="someGEneric flex capitalize items-center gap-2 relative px-2 h-12 rounded-md bg-blue-light text-blue-medium fill-blue-medium relative before:absolute before:top-2 before:bottom-2 before:left-0 before:bg-blue-medium before:w-1 before:block before:rounded-sm"
    href="/"
  >
    <span
      class="w-full"
    >
      Button 1
    </span>
  </a>
  <a
    aria-current="page"
    class="someGeneric flex capitalize items-center gap-2 relative px-2 h-12 rounded-md bg-blue-light text-blue-medium fill-blue-medium relative before:absolute before:top-2 before:bottom-2 before:left-0 before:bg-blue-medium before:w-1 before:block before:rounded-sm"
    href="/"
  >
    <span
      class="w-full"
    >
      Button 1
    </span>
  </a>
  <a
    class=" flex capitalize items-center gap-2 relative px-2 h-12 rounded-md"
    href="/"
  >
    <span
      class="w-full"
    >
      Button 3
    </span>
  </a>
  <button
    class=" flex capitalize items-center gap-2 relative px-2 h-12 rounded-md"
    data-testid="button-btn"
  >
    <span
      class="w-full"
    >
      Button 1
    </span>
  </button>
  <button
    class=" flex capitalize items-center gap-2 relative px-2 h-12 rounded-md"
    data-testid="btn-test-id"
  >
    <span
      class="w-full"
    >
      Button 1
    </span>
  </button>
  <button
    class="someGEneric flex capitalize items-center gap-2 relative px-2 h-12 rounded-md"
    data-testid="button-btn"
  >
    <span
      class="w-full"
    >
      Button 1
    </span>
  </button>
</div>
`;
