// Jest Snapshot v1, https://goo.gl/fbAQLP

exports[`renders test input correctly 1`] = `
<div>
  <label
    class="undefined  flex relative cursor-text border-[#DCE2ED] bg-[#F9FBFD] fill-blue-desaturated border rounded-lg h-14 px-4"
  >
    <div
      class="shrink-0 grow-0 flex justify-center items-center"
    >
      <svg
        class=" w-full h-full"
        data-testid="component-atom-icon"
      />
    </div>
    <div
      class="relative w-full"
    >
      <span
        class="absolute flex top-0 bottom-0 left-0 items-center px-2 text-blue-desaturated opacity-100"
      >
        Hello World
      </span>
      <input
        class="block outline-none w-full h-full bg-transparent px-2 h-12"
        value=""
      />
    </div>
  </label>
  <label
    class="undefined  flex relative cursor-text border-[#DCE2ED] bg-[#F9FBFD] fill-blue-desaturated border rounded-lg h-14 px-4"
  >
    <div
      class="shrink-0 grow-0 flex justify-center items-center"
    >
      <svg
        class=" w-full h-full"
        data-testid="component-atom-icon"
      />
    </div>
    <div
      class="relative w-full"
    >
      <span
        class="absolute flex top-0 bottom-0 left-0 items-center px-2 text-blue-desaturated opacity-100"
      >
        Search
      </span>
      <input
        class="block outline-none w-full h-full bg-transparent px-2 h-12"
        value=""
      />
    </div>
  </label>
</div>
`;
