// Jest Snapshot v1, https://goo.gl/fbAQLP

exports[`TextInput maatches snapshot 1`] = `
<div>
  <label
    class="undefined  flex relative cursor-text border-blue-medium border rounded-lg h-12 px-2"
  >
    <div
      class="relative"
    >
      <span
        class="absolute flex top-0 bottom-0 left-0 items-center text-blue-medium opacity-100"
      >
        Hello
      </span>
      <input
        class="block outline-none w-full h-full bg-transparent h-12"
        placeholder="Hello"
        value=""
      />
    </div>
  </label>
  <label
    class="undefined  flex relative cursor-text border-blue-medium border rounded-lg h-12 px-2"
  >
    <div
      class="w-7 shrink-0"
    >
      <span>
        A
      </span>
    </div>
    <div
      class="relative"
    >
      <span
        class="absolute flex top-0 bottom-0 left-0 items-center text-blue-medium opacity-100"
      >
        lab
      </span>
      <input
        class="block outline-none w-full h-full bg-transparent h-12"
        placeholder="Hello"
        value=""
      />
    </div>
    <div
      class="w-7 shrink-0"
    >
      <span>
        A
      </span>
    </div>
  </label>
</div>
`;
