// Jest Snapshot v1, https://goo.gl/fbAQLP

exports[`renders snapshot tests correctly 1`] = `
<div>
  <div
    class="w-full h-full flex items-center justify-center"
  >
    <iconmock
      class="w-14 h-14 animate-spin w-full h-full"
      data-testid="component-atom-icon"
    />
  </div>
</div>
`;
