// Jest Snapshot v1, https://goo.gl/fbAQLP

exports[`Snapshot all icons 1`] = `
<div>
  <ul>
    <li>
      <div
        class="w-16"
      >
        <div
          class="bg-[#eee] p-2 h-16 w-16 rounded-md border-2 border-solid border-[#ccc]"
        >
          <svg
            class="fill-[#444] w-full h-full"
            data-testid="component-atom-icon"
          />
        </div>
        <p
          class="text-sm w-full text-center py-2 font-bold capitalize"
        >
          refresh
        </p>
      </div>
    </li>
    <li>
      <div
        class="w-16"
      >
        <div
          class="bg-[#eee] p-2 h-16 w-16 rounded-md border-2 border-solid border-[#ccc]"
        >
          <svg
            class="fill-[#444] w-full h-full"
            data-testid="component-atom-icon"
          />
        </div>
        <p
          class="text-sm w-full text-center py-2 font-bold capitalize"
        >
          refresh outline
        </p>
      </div>
    </li>
    <li>
      <div
        class="w-16"
      >
        <div
          class="bg-[#eee] p-2 h-16 w-16 rounded-md border-2 border-solid border-[#ccc]"
        >
          <svg
            class="fill-[#444] w-full h-full"
            data-testid="component-atom-icon"
          />
        </div>
        <p
          class="text-sm w-full text-center py-2 font-bold capitalize"
        >
          close
        </p>
      </div>
    </li>
    <li>
      <div
        class="w-16"
      >
        <div
          class="bg-[#eee] p-2 h-16 w-16 rounded-md border-2 border-solid border-[#ccc]"
        >
          <svg
            class="fill-[#444] w-full h-full"
            data-testid="component-atom-icon"
          />
        </div>
        <p
          class="text-sm w-full text-center py-2 font-bold capitalize"
        >
          close outline
        </p>
      </div>
    </li>
    <li>
      <div
        class="w-16"
      >
        <div
          class="bg-[#eee] p-2 h-16 w-16 rounded-md border-2 border-solid border-[#ccc]"
        >
          <svg
            class="fill-[#444] w-full h-full"
            data-testid="component-atom-icon"
          />
        </div>
        <p
          class="text-sm w-full text-center py-2 font-bold capitalize"
        >
          settings
        </p>
      </div>
    </li>
    <li>
      <div
        class="w-16"
      >
        <div
          class="bg-[#eee] p-2 h-16 w-16 rounded-md border-2 border-solid border-[#ccc]"
        >
          <svg
            class="fill-[#444] w-full h-full"
            data-testid="component-atom-icon"
          />
        </div>
        <p
          class="text-sm w-full text-center py-2 font-bold capitalize"
        >
          settings outline
        </p>
      </div>
    </li>
    <li>
      <div
        class="w-16"
      >
        <div
          class="bg-[#eee] p-2 h-16 w-16 rounded-md border-2 border-solid border-[#ccc]"
        >
          <svg
            class="fill-[#444] w-full h-full"
            data-testid="component-atom-icon"
          />
        </div>
        <p
          class="text-sm w-full text-center py-2 font-bold capitalize"
        >
          done
        </p>
      </div>
    </li>
    <li>
      <div
        class="w-16"
      >
        <div
          class="bg-[#eee] p-2 h-16 w-16 rounded-md border-2 border-solid border-[#ccc]"
        >
          <svg
            class="fill-[#444] w-full h-full"
            data-testid="component-atom-icon"
          />
        </div>
        <p
          class="text-sm w-full text-center py-2 font-bold capitalize"
        >
          done outline
        </p>
      </div>
    </li>
    <li>
      <div
        class="w-16"
      >
        <div
          class="bg-[#eee] p-2 h-16 w-16 rounded-md border-2 border-solid border-[#ccc]"
        >
          <svg
            class="fill-[#444] w-full h-full"
            data-testid="component-atom-icon"
          />
        </div>
        <p
          class="text-sm w-full text-center py-2 font-bold capitalize"
        >
          expand more
        </p>
      </div>
    </li>
    <li>
      <div
        class="w-16"
      >
        <div
          class="bg-[#eee] p-2 h-16 w-16 rounded-md border-2 border-solid border-[#ccc]"
        >
          <svg
            class="fill-[#444] w-full h-full"
            data-testid="component-atom-icon"
          />
        </div>
        <p
          class="text-sm w-full text-center py-2 font-bold capitalize"
        >
          expand more outline
        </p>
      </div>
    </li>
    <li>
      <div
        class="w-16"
      >
        <div
          class="bg-[#eee] p-2 h-16 w-16 rounded-md border-2 border-solid border-[#ccc]"
        >
          <svg
            class="fill-[#444] w-full h-full"
            data-testid="component-atom-icon"
          />
        </div>
        <p
          class="text-sm w-full text-center py-2 font-bold capitalize"
        >
          check circle
        </p>
      </div>
    </li>
    <li>
      <div
        class="w-16"
      >
        <div
          class="bg-[#eee] p-2 h-16 w-16 rounded-md border-2 border-solid border-[#ccc]"
        >
          <svg
            class="fill-[#444] w-full h-full"
            data-testid="component-atom-icon"
          />
        </div>
        <p
          class="text-sm w-full text-center py-2 font-bold capitalize"
        >
          check circle outline
        </p>
      </div>
    </li>
    <li>
      <div
        class="w-16"
      >
        <div
          class="bg-[#eee] p-2 h-16 w-16 rounded-md border-2 border-solid border-[#ccc]"
        >
          <svg
            class="fill-[#444] w-full h-full"
            data-testid="component-atom-icon"
          />
        </div>
        <p
          class="text-sm w-full text-center py-2 font-bold capitalize"
        >
          menu
        </p>
      </div>
    </li>
    <li>
      <div
        class="w-16"
      >
        <div
          class="bg-[#eee] p-2 h-16 w-16 rounded-md border-2 border-solid border-[#ccc]"
        >
          <svg
            class="fill-[#444] w-full h-full"
            data-testid="component-atom-icon"
          />
        </div>
        <p
          class="text-sm w-full text-center py-2 font-bold capitalize"
        >
          menu outline
        </p>
      </div>
    </li>
    <li>
      <div
        class="w-16"
      >
        <div
          class="bg-[#eee] p-2 h-16 w-16 rounded-md border-2 border-solid border-[#ccc]"
        >
          <svg
            class="fill-[#444] w-full h-full"
            data-testid="component-atom-icon"
          />
        </div>
        <p
          class="text-sm w-full text-center py-2 font-bold capitalize"
        >
          search
        </p>
      </div>
    </li>
    <li>
      <div
        class="w-16"
      >
        <div
          class="bg-[#eee] p-2 h-16 w-16 rounded-md border-2 border-solid border-[#ccc]"
        >
          <svg
            class="fill-[#444] w-full h-full"
            data-testid="component-atom-icon"
          />
        </div>
        <p
          class="text-sm w-full text-center py-2 font-bold capitalize"
        >
          search outline
        </p>
      </div>
    </li>
    <li>
      <div
        class="w-16"
      >
        <div
          class="bg-[#eee] p-2 h-16 w-16 rounded-md border-2 border-solid border-[#ccc]"
        >
          <svg
            class="fill-[#444] w-full h-full"
            data-testid="component-atom-icon"
          />
        </div>
        <p
          class="text-sm w-full text-center py-2 font-bold capitalize"
        >
          arrow back
        </p>
      </div>
    </li>
    <li>
      <div
        class="w-16"
      >
        <div
          class="bg-[#eee] p-2 h-16 w-16 rounded-md border-2 border-solid border-[#ccc]"
        >
          <svg
            class="fill-[#444] w-full h-full"
            data-testid="component-atom-icon"
          />
        </div>
        <p
          class="text-sm w-full text-center py-2 font-bold capitalize"
        >
          arrow back outline
        </p>
      </div>
    </li>
    <li>
      <div
        class="w-16"
      >
        <div
          class="bg-[#eee] p-2 h-16 w-16 rounded-md border-2 border-solid border-[#ccc]"
        >
          <svg
            class="fill-[#444] w-full h-full"
            data-testid="component-atom-icon"
          />
        </div>
        <p
          class="text-sm w-full text-center py-2 font-bold capitalize"
        >
          sort
        </p>
      </div>
    </li>
    <li>
      <div
        class="w-16"
      >
        <div
          class="bg-[#eee] p-2 h-16 w-16 rounded-md border-2 border-solid border-[#ccc]"
        >
          <svg
            class="fill-[#444] w-full h-full"
            data-testid="component-atom-icon"
          />
        </div>
        <p
          class="text-sm w-full text-center py-2 font-bold capitalize"
        >
          sort outline
        </p>
      </div>
    </li>
    <li>
      <div
        class="w-16"
      >
        <div
          class="bg-[#eee] p-2 h-16 w-16 rounded-md border-2 border-solid border-[#ccc]"
        >
          <svg
            class="fill-[#444] w-full h-full"
            data-testid="component-atom-icon"
          />
        </div>
        <p
          class="text-sm w-full text-center py-2 font-bold capitalize"
        >
          unfold more
        </p>
      </div>
    </li>
    <li>
      <div
        class="w-16"
      >
        <div
          class="bg-[#eee] p-2 h-16 w-16 rounded-md border-2 border-solid border-[#ccc]"
        >
          <svg
            class="fill-[#444] w-full h-full"
            data-testid="component-atom-icon"
          />
        </div>
        <p
          class="text-sm w-full text-center py-2 font-bold capitalize"
        >
          unfold more outline
        </p>
      </div>
    </li>
    <li>
      <div
        class="w-16"
      >
        <div
          class="bg-[#eee] p-2 h-16 w-16 rounded-md border-2 border-solid border-[#ccc]"
        >
          <svg
            class="fill-[#444] w-full h-full"
            data-testid="component-atom-icon"
          />
        </div>
        <p
          class="text-sm w-full text-center py-2 font-bold capitalize"
        >
          progress activity
        </p>
      </div>
    </li>
    <li>
      <div
        class="w-16"
      >
        <div
          class="bg-[#eee] p-2 h-16 w-16 rounded-md border-2 border-solid border-[#ccc]"
        >
          <svg
            class="fill-[#444] w-full h-full"
            data-testid="component-atom-icon"
          />
        </div>
        <p
          class="text-sm w-full text-center py-2 font-bold capitalize"
        >
          logo
        </p>
      </div>
    </li>
    <li>
      <div
        class="w-16"
      >
        <div
          class="bg-[#eee] p-2 h-16 w-16 rounded-md border-2 border-solid border-[#ccc]"
        >
          <svg
            class="fill-[#444] w-full h-full"
            data-testid="component-atom-icon"
          />
        </div>
        <p
          class="text-sm w-full text-center py-2 font-bold capitalize"
        >
          task alt
        </p>
      </div>
    </li>
    <li>
      <div
        class="w-16"
      >
        <div
          class="bg-[#eee] p-2 h-16 w-16 rounded-md border-2 border-solid border-[#ccc]"
        >
          <svg
            class="fill-[#444] w-full h-full"
            data-testid="component-atom-icon"
          />
        </div>
        <p
          class="text-sm w-full text-center py-2 font-bold capitalize"
        >
          task alt outline
        </p>
      </div>
    </li>
    <li>
      <div
        class="w-16"
      >
        <div
          class="bg-[#eee] p-2 h-16 w-16 rounded-md border-2 border-solid border-[#ccc]"
        >
          <svg
            class="fill-[#444] w-full h-full"
            data-testid="component-atom-icon"
          />
        </div>
        <p
          class="text-sm w-full text-center py-2 font-bold capitalize"
        >
          calendar month
        </p>
      </div>
    </li>
    <li>
      <div
        class="w-16"
      >
        <div
          class="bg-[#eee] p-2 h-16 w-16 rounded-md border-2 border-solid border-[#ccc]"
        >
          <svg
            class="fill-[#444] w-full h-full"
            data-testid="component-atom-icon"
          />
        </div>
        <p
          class="text-sm w-full text-center py-2 font-bold capitalize"
        >
          calendar month outline
        </p>
      </div>
    </li>
    <li>
      <div
        class="w-16"
      >
        <div
          class="bg-[#eee] p-2 h-16 w-16 rounded-md border-2 border-solid border-[#ccc]"
        >
          <svg
            class="fill-[#444] w-full h-full"
            data-testid="component-atom-icon"
          />
        </div>
        <p
          class="text-sm w-full text-center py-2 font-bold capitalize"
        >
          view week
        </p>
      </div>
    </li>
    <li>
      <div
        class="w-16"
      >
        <div
          class="bg-[#eee] p-2 h-16 w-16 rounded-md border-2 border-solid border-[#ccc]"
        >
          <svg
            class="fill-[#444] w-full h-full"
            data-testid="component-atom-icon"
          />
        </div>
        <p
          class="text-sm w-full text-center py-2 font-bold capitalize"
        >
          view week outline
        </p>
      </div>
    </li>
    <li>
      <div
        class="w-16"
      >
        <div
          class="bg-[#eee] p-2 h-16 w-16 rounded-md border-2 border-solid border-[#ccc]"
        >
          <svg
            class="fill-[#444] w-full h-full"
            data-testid="component-atom-icon"
          />
        </div>
        <p
          class="text-sm w-full text-center py-2 font-bold capitalize"
        >
          groups
        </p>
      </div>
    </li>
    <li>
      <div
        class="w-16"
      >
        <div
          class="bg-[#eee] p-2 h-16 w-16 rounded-md border-2 border-solid border-[#ccc]"
        >
          <svg
            class="fill-[#444] w-full h-full"
            data-testid="component-atom-icon"
          />
        </div>
        <p
          class="text-sm w-full text-center py-2 font-bold capitalize"
        >
          groups outline
        </p>
      </div>
    </li>
    <li>
      <div
        class="w-16"
      >
        <div
          class="bg-[#eee] p-2 h-16 w-16 rounded-md border-2 border-solid border-[#ccc]"
        >
          <svg
            class="fill-[#444] w-full h-full"
            data-testid="component-atom-icon"
          />
        </div>
        <p
          class="text-sm w-full text-center py-2 font-bold capitalize"
        >
          dashboard
        </p>
      </div>
    </li>
    <li>
      <div
        class="w-16"
      >
        <div
          class="bg-[#eee] p-2 h-16 w-16 rounded-md border-2 border-solid border-[#ccc]"
        >
          <svg
            class="fill-[#444] w-full h-full"
            data-testid="component-atom-icon"
          />
        </div>
        <p
          class="text-sm w-full text-center py-2 font-bold capitalize"
        >
          dashboard outline
        </p>
      </div>
    </li>
    <li>
      <div
        class="w-16"
      >
        <div
          class="bg-[#eee] p-2 h-16 w-16 rounded-md border-2 border-solid border-[#ccc]"
        >
          <svg
            class="fill-[#444] w-full h-full"
            data-testid="component-atom-icon"
          />
        </div>
        <p
          class="text-sm w-full text-center py-2 font-bold capitalize"
        >
          add
        </p>
      </div>
    </li>
    <li>
      <div
        class="w-16"
      >
        <div
          class="bg-[#eee] p-2 h-16 w-16 rounded-md border-2 border-solid border-[#ccc]"
        >
          <svg
            class="fill-[#444] w-full h-full"
            data-testid="component-atom-icon"
          />
        </div>
        <p
          class="text-sm w-full text-center py-2 font-bold capitalize"
        >
          add outline
        </p>
      </div>
    </li>
    <li>
      <div
        class="w-16"
      >
        <div
          class="bg-[#eee] p-2 h-16 w-16 rounded-md border-2 border-solid border-[#ccc]"
        >
          <svg
            class="fill-[#444] w-full h-full"
            data-testid="component-atom-icon"
          />
        </div>
        <p
          class="text-sm w-full text-center py-2 font-bold capitalize"
        >
          expand circle down
        </p>
      </div>
    </li>
    <li>
      <div
        class="w-16"
      >
        <div
          class="bg-[#eee] p-2 h-16 w-16 rounded-md border-2 border-solid border-[#ccc]"
        >
          <svg
            class="fill-[#444] w-full h-full"
            data-testid="component-atom-icon"
          />
        </div>
        <p
          class="text-sm w-full text-center py-2 font-bold capitalize"
        >
          expand circle down outline
        </p>
      </div>
    </li>
    <li>
      <div
        class="w-16"
      >
        <div
          class="bg-[#eee] p-2 h-16 w-16 rounded-md border-2 border-solid border-[#ccc]"
        >
          <svg
            class="fill-[#444] w-full h-full"
            data-testid="component-atom-icon"
          />
        </div>
        <p
          class="text-sm w-full text-center py-2 font-bold capitalize"
        >
          mail
        </p>
      </div>
    </li>
    <li>
      <div
        class="w-16"
      >
        <div
          class="bg-[#eee] p-2 h-16 w-16 rounded-md border-2 border-solid border-[#ccc]"
        >
          <svg
            class="fill-[#444] w-full h-full"
            data-testid="component-atom-icon"
          />
        </div>
        <p
          class="text-sm w-full text-center py-2 font-bold capitalize"
        >
          mail outline
        </p>
      </div>
    </li>
    <li>
      <div
        class="w-16"
      >
        <div
          class="bg-[#eee] p-2 h-16 w-16 rounded-md border-2 border-solid border-[#ccc]"
        >
          <svg
            class="fill-[#444] w-full h-full"
            data-testid="component-atom-icon"
          />
        </div>
        <p
          class="text-sm w-full text-center py-2 font-bold capitalize"
        >
          key
        </p>
      </div>
    </li>
    <li>
      <div
        class="w-16"
      >
        <div
          class="bg-[#eee] p-2 h-16 w-16 rounded-md border-2 border-solid border-[#ccc]"
        >
          <svg
            class="fill-[#444] w-full h-full"
            data-testid="component-atom-icon"
          />
        </div>
        <p
          class="text-sm w-full text-center py-2 font-bold capitalize"
        >
          key outline
        </p>
      </div>
    </li>
    <li>
      <div
        class="w-16"
      >
        <div
          class="bg-[#eee] p-2 h-16 w-16 rounded-md border-2 border-solid border-[#ccc]"
        >
          <svg
            class="fill-[#444] w-full h-full"
            data-testid="component-atom-icon"
          />
        </div>
        <p
          class="text-sm w-full text-center py-2 font-bold capitalize"
        >
          visibility
        </p>
      </div>
    </li>
    <li>
      <div
        class="w-16"
      >
        <div
          class="bg-[#eee] p-2 h-16 w-16 rounded-md border-2 border-solid border-[#ccc]"
        >
          <svg
            class="fill-[#444] w-full h-full"
            data-testid="component-atom-icon"
          />
        </div>
        <p
          class="text-sm w-full text-center py-2 font-bold capitalize"
        >
          visibility outline
        </p>
      </div>
    </li>
  </ul>
</div>
`;
